Juan Pablo@DESKTOP-A5S4319 MINGW64 ~
$ git init TallerGit
Initialized empty Git repository in C:/Users/Juan Pablo/TallerGit/.git/

Juan Pablo@DESKTOP-A5S4319 MINGW64 ~
$ git config --global user.name "Juan Pablo Florez"

Juan Pablo@DESKTOP-A5S4319 MINGW64 ~
$ git config --global user.email "juan.florez.soto@correounivalle.edu.co"

Juan Pablo@DESKTOP-A5S4319 MINGW64 ~
$ cd TallerGit

Juan Pablo@DESKTOP-A5S4319 MINGW64 ~/TallerGit (master)
$ git checkout -b feature
Switched to a new branch 'feature'

Juan Pablo@DESKTOP-A5S4319 MINGW64 ~/TallerGit (feature)
$ ^[[200~echo "Texto inicial" > archivo.txt
bash: $'\E[200~echo': command not found

Juan Pablo@DESKTOP-A5S4319 MINGW64 ~/TallerGit (feature)
$ echo "Texto inicial" > archivo.txt

Juan Pablo@DESKTOP-A5S4319 MINGW64 ~/TallerGit (feature)
$ git add archivo.txt
warning: in the working copy of 'archivo.txt', LF will be replaced by CRLF the next time Git touches it

Juan Pablo@DESKTOP-A5S4319 MINGW64 ~/TallerGit (feature)
$ git commit -m "Commit inicial"
[feature (root-commit) c40c1b1] Commit inicial
 1 file changed, 1 insertion(+)
 create mode 100644 archivo.txt

Juan Pablo@DESKTOP-A5S4319 MINGW64 ~/TallerGit (feature)
$ echo "Texto agregado en feature" >> archivo.txt

Juan Pablo@DESKTOP-A5S4319 MINGW64 ~/TallerGit (feature)
$ git commit -am "Segundo commit en feature"
warning: in the working copy of 'archivo.txt', LF will be replaced by CRLF the next time Git touches it
[feature 5be9f64] Segundo commit en feature
 1 file changed, 1 insertion(+)

Juan Pablo@DESKTOP-A5S4319 MINGW64 ~/TallerGit (feature)
$ echo "Texto agregado en feature" >> archivo.txt

Juan Pablo@DESKTOP-A5S4319 MINGW64 ~/TallerGit (feature)
$ git commit -am "Tercer commit en feature"
warning: in the working copy of 'archivo.txt', LF will be replaced by CRLF the next time Git touches it
[feature 47a9d10] Tercer commit en feature
 1 file changed, 1 insertion(+)

Juan Pablo@DESKTOP-A5S4319 MINGW64 ~/TallerGit (feature)
$ git checkout master
error: pathspec 'master' did not match any file(s) known to git

Juan Pablo@DESKTOP-A5S4319 MINGW64 ~/TallerGit (feature)
$ git checkout -b master
Switched to a new branch 'master'

Juan Pablo@DESKTOP-A5S4319 MINGW64 ~/TallerGit (master)
$ git merge feature
Already up to date.

Juan Pablo@DESKTOP-A5S4319 MINGW64 ~/TallerGit (master)
$ git reset --hard HEAD~1
HEAD is now at 5be9f64 Segundo commit en feature

Juan Pablo@DESKTOP-A5S4319 MINGW64 ~/TallerGit (master)
$ git rebase feature
Successfully rebased and updated refs/heads/master.

Juan Pablo@DESKTOP-A5S4319 MINGW64 ~/TallerGit (master)
$ git checkout -b hotfix
Switched to a new branch 'hotfix'

Juan Pablo@DESKTOP-A5S4319 MINGW64 ~/TallerGit (hotfix)
$ echo "Corrección urgente" >> archivo.txt

Juan Pablo@DESKTOP-A5S4319 MINGW64 ~/TallerGit (hotfix)
$ git commit -am "Hotfix"
warning: in the working copy of 'archivo.txt', LF will be replaced by CRLF the next time Git touches it
[hotfix 5997211] Hotfix
 1 file changed, 1 insertion(+)

Juan Pablo@DESKTOP-A5S4319 MINGW64 ~/TallerGit (hotfix)
$ git checkout master
Switched to branch 'master'

Juan Pablo@DESKTOP-A5S4319 MINGW64 ~/TallerGit (master)
$ git cherry-pick hotfix
[master a2af9c4] Hotfix
 Date: Sun Oct 6 20:08:41 2024 -0500
 1 file changed, 1 insertion(+)

Juan Pablo@DESKTOP-A5S4319 MINGW64 ~/TallerGit (master)
$ git reflog
a2af9c4 (HEAD -> master) HEAD@{0}: cherry-pick: Hotfix
47a9d10 (feature) HEAD@{1}: checkout: moving from hotfix to master
5997211 (hotfix) HEAD@{2}: commit: Hotfix
47a9d10 (feature) HEAD@{3}: checkout: moving from master to hotfix
47a9d10 (feature) HEAD@{4}: rebase (finish): returning to refs/heads/master
47a9d10 (feature) HEAD@{5}: rebase (start): checkout feature
5be9f64 HEAD@{6}: reset: moving to HEAD~1
47a9d10 (feature) HEAD@{7}: checkout: moving from feature to master
47a9d10 (feature) HEAD@{8}: commit: Tercer commit en feature
5be9f64 HEAD@{9}: commit: Segundo commit en feature
c40c1b1 HEAD@{10}: commit (initial): Commit inicial

Juan Pablo@DESKTOP-A5S4319 MINGW64 ~/TallerGit (master)
$ git checkout feature
Switched to branch 'feature'

Juan Pablo@DESKTOP-A5S4319 MINGW64 ~/TallerGit (feature)
$ echo "Cambio en feature" > conflicto.txt

Juan Pablo@DESKTOP-A5S4319 MINGW64 ~/TallerGit (feature)
$ git commit -am "Cambio en feature"
On branch feature
Untracked files:
  (use "git add <file>..." to include in what will be committed)
        conflicto.txt

nothing added to commit but untracked files present (use "git add" to track)

Juan Pablo@DESKTOP-A5S4319 MINGW64 ~/TallerGit (feature)
$ git add conflicto.txt
warning: in the working copy of 'conflicto.txt', LF will be replaced by CRLF the next time Git touches it

Juan Pablo@DESKTOP-A5S4319 MINGW64 ~/TallerGit (feature)
$ git commit -am "Cambio en feature"
[feature 521d1e6] Cambio en feature
 1 file changed, 1 insertion(+)
 create mode 100644 conflicto.txt

Juan Pablo@DESKTOP-A5S4319 MINGW64 ~/TallerGit (feature)
$ git checkout master
Switched to branch 'master'

Juan Pablo@DESKTOP-A5S4319 MINGW64 ~/TallerGit (master)
$ echo "Cambio en master" > conflicto.txt

Juan Pablo@DESKTOP-A5S4319 MINGW64 ~/TallerGit (master)
$ git commit -am "Cambio en master"
On branch master
Untracked files:
  (use "git add <file>..." to include in what will be committed)
        conflicto.txt

nothing added to commit but untracked files present (use "git add" to track)

Juan Pablo@DESKTOP-A5S4319 MINGW64 ~/TallerGit (master)
$ git add conflicto.txt
warning: in the working copy of 'conflicto.txt', LF will be replaced by CRLF the next time Git touches it

Juan Pablo@DESKTOP-A5S4319 MINGW64 ~/TallerGit (master)
$ git commit -am "Cambio en master"
[master ca4c694] Cambio en master
 1 file changed, 1 insertion(+)
 create mode 100644 conflicto.txt

Juan Pablo@DESKTOP-A5S4319 MINGW64 ~/TallerGit (master)
$ git merge feature
Auto-merging conflicto.txt
CONFLICT (add/add): Merge conflict in conflicto.txt
Automatic merge failed; fix conflicts and then commit the result.

Juan Pablo@DESKTOP-A5S4319 MINGW64 ~/TallerGit (master|MERGING)
$ git add conflicto.txt

Juan Pablo@DESKTOP-A5S4319 MINGW64 ~/TallerGit (master|MERGING)
$ git commit -am "Solucion conflicto"
[master a8b3973] Solucion conflicto

Juan Pablo@DESKTOP-A5S4319 MINGW64 ~/TallerGit (master)
$
